[debug] [2026-06-04T09:03:31.903Z] ----------------------------------------------------------------------
[debug] [2026-06-04T09:03:31.904Z] Command:       /usr/local/bin/node /Users/11511151/.npm-global/bin/firebase deploy
[debug] [2026-06-04T09:03:31.904Z] CLI Version:   15.19.0
[debug] [2026-06-04T09:03:31.904Z] Platform:      darwin
[debug] [2026-06-04T09:03:31.904Z] Node Version:  v24.13.1
[debug] [2026-06-04T09:03:31.905Z] Time:          Thu Jun 04 2026 16:03:31 GMT+0700 (Indochina Time)
[debug] [2026-06-04T09:03:31.905Z] ----------------------------------------------------------------------
[debug] 
[debug] [2026-06-04T09:03:32.662Z] > command requires scopes: ["email","openid","https://www.googleapis.com/auth/cloudplatformprojects.readonly","https://www.googleapis.com/auth/firebase","https://www.googleapis.com/auth/cloud-platform"]
[debug] [2026-06-04T09:03:32.663Z] > authorizing via signed-in user (alisa.cclcolossal@gmail.com)
[debug] [2026-06-04T09:03:32.663Z] [iam] checking project jd-online-2026 for permissions ["datastore.indexes.create","datastore.indexes.delete","datastore.indexes.list","datastore.indexes.update","firebase.projects.get","firebasehosting.sites.update"]
[debug] [2026-06-04T09:03:32.663Z] Checked if tokens are valid: true, expires at: 1780565876077
[debug] [2026-06-04T09:03:32.663Z] Checked if tokens are valid: true, expires at: 1780565876077
[debug] [2026-06-04T09:03:32.663Z] >>> [apiv2][query] POST https://cloudresourcemanager.googleapis.com/v1/projects/jd-online-2026:testIamPermissions [none]
[debug] [2026-06-04T09:03:32.663Z] >>> [apiv2][(partial)header] POST https://cloudresourcemanager.googleapis.com/v1/projects/jd-online-2026:testIamPermissions  x-goog-user-project=jd-online-2026
[debug] [2026-06-04T09:03:32.663Z] >>> [apiv2][body] POST https://cloudresourcemanager.googleapis.com/v1/projects/jd-online-2026:testIamPermissions {"permissions":["datastore.indexes.create","datastore.indexes.delete","datastore.indexes.list","datastore.indexes.update","firebase.projects.get","firebasehosting.sites.update"]}
[debug] [2026-06-04T09:03:33.970Z] <<< [apiv2][status] POST https://cloudresourcemanager.googleapis.com/v1/projects/jd-online-2026:testIamPermissions 200
[debug] [2026-06-04T09:03:33.970Z] <<< [apiv2][body] POST https://cloudresourcemanager.googleapis.com/v1/projects/jd-online-2026:testIamPermissions {"permissions":["datastore.indexes.create","datastore.indexes.delete","datastore.indexes.list","datastore.indexes.update","firebase.projects.get","firebasehosting.sites.update"]}
[debug] [2026-06-04T09:03:33.970Z] Checked if tokens are valid: true, expires at: 1780565876077
[debug] [2026-06-04T09:03:33.970Z] Checked if tokens are valid: true, expires at: 1780565876077
[debug] [2026-06-04T09:03:33.970Z] >>> [apiv2][query] GET https://firebase.googleapis.com/v1beta1/projects/jd-online-2026 [none]
[debug] [2026-06-04T09:03:34.692Z] <<< [apiv2][status] GET https://firebase.googleapis.com/v1beta1/projects/jd-online-2026 200
[debug] [2026-06-04T09:03:34.692Z] <<< [apiv2][body] GET https://firebase.googleapis.com/v1beta1/projects/jd-online-2026 {"projectId":"jd-online-2026","projectNumber":"599787831802","displayName":"JD online 2026","name":"projects/jd-online-2026","resources":{"hostingSite":"jd-online-2026"},"state":"ACTIVE","etag":"1_5a4e3f9c-587b-4d9d-90d2-0974117c357a"}
[info] 
[info] === Deploying to 'jd-online-2026'...
[info] 
[info] i  deploying firestore, hosting 
[info] i  firestore: ensuring required API firestore.googleapis.com is enabled... 
[info] i  firestore: ensuring required API firestore.googleapis.com is enabled... 
[debug] [2026-06-04T09:03:34.698Z] Checked if tokens are valid: true, expires at: 1780565876077
[debug] [2026-06-04T09:03:34.698Z] Checked if tokens are valid: true, expires at: 1780565876077
[debug] [2026-06-04T09:03:34.698Z] >>> [apiv2][query] GET https://firestore.googleapis.com/v1/projects/jd-online-2026/databases/(default) [none]
[debug] [2026-06-04T09:03:36.214Z] <<< [apiv2][status] GET https://firestore.googleapis.com/v1/projects/jd-online-2026/databases/(default) 200
[debug] [2026-06-04T09:03:36.214Z] <<< [apiv2][body] GET https://firestore.googleapis.com/v1/projects/jd-online-2026/databases/(default) {"name":"projects/jd-online-2026/databases/(default)","uid":"5b41d060-62a8-4a79-aec8-fca1fdf0ba99","createTime":"2026-06-02T07:58:35.288918Z","updateTime":"2026-06-02T07:58:35.288918Z","locationId":"nam5","type":"FIRESTORE_NATIVE","concurrencyMode":"PESSIMISTIC","versionRetentionPeriod":"3600s","earliestVersionTime":"2026-06-04T08:03:36.112021Z","appEngineIntegrationMode":"DISABLED","keyPrefix":"s","pointInTimeRecoveryEnablement":"POINT_IN_TIME_RECOVERY_DISABLED","deleteProtectionState":"DELETE_PROTECTION_DISABLED","databaseEdition":"STANDARD","freeTier":true,"realtimeUpdatesMode":"REALTIME_UPDATES_MODE_ENABLED","etag":"ILK7iY6d7ZQDMMbu5YGN6JQD"}
[info] i  cloud.firestore: checking firestore.rules for compilation errors... 
[debug] [2026-06-04T09:03:36.217Z] Checked if tokens are valid: true, expires at: 1780565876077
[debug] [2026-06-04T09:03:36.217Z] Checked if tokens are valid: true, expires at: 1780565876077
[debug] [2026-06-04T09:03:36.217Z] >>> [apiv2][query] POST https://firebaserules.googleapis.com/v1/projects/jd-online-2026:test [none]
[debug] [2026-06-04T09:03:36.217Z] >>> [apiv2][body] POST https://firebaserules.googleapis.com/v1/projects/jd-online-2026:test [omitted]
[debug] [2026-06-04T09:03:36.843Z] <<< [apiv2][status] POST https://firebaserules.googleapis.com/v1/projects/jd-online-2026:test 200
[debug] [2026-06-04T09:03:36.843Z] <<< [apiv2][body] POST https://firebaserules.googleapis.com/v1/projects/jd-online-2026:test {}
[info] ✔  cloud.firestore: rules file firestore.rules compiled successfully 
[debug] [2026-06-04T09:03:36.844Z] Checked if tokens are valid: true, expires at: 1780565876077
[debug] [2026-06-04T09:03:36.844Z] Checked if tokens are valid: true, expires at: 1780565876077
[debug] [2026-06-04T09:03:36.844Z] >>> [apiv2][query] GET https://firebasehosting.googleapis.com/v1beta1/projects/jd-online-2026/sites/jd-online-2026 [none]
[debug] [2026-06-04T09:03:37.803Z] <<< [apiv2][status] GET https://firebasehosting.googleapis.com/v1beta1/projects/jd-online-2026/sites/jd-online-2026 200
[debug] [2026-06-04T09:03:37.803Z] <<< [apiv2][body] GET https://firebasehosting.googleapis.com/v1beta1/projects/jd-online-2026/sites/jd-online-2026 {"name":"projects/jd-online-2026/sites/jd-online-2026","defaultUrl":"https://jd-online-2026.web.app","appId":"1:599787831802:web:6fd61924840e188091a443","type":"DEFAULT_SITE"}
[debug] [2026-06-04T09:03:37.806Z] Checked if tokens are valid: true, expires at: 1780565876077
[debug] [2026-06-04T09:03:37.806Z] Checked if tokens are valid: true, expires at: 1780565876077
[debug] [2026-06-04T09:03:37.807Z] >>> [apiv2][query] POST https://firebasehosting.googleapis.com/v1beta1/projects/-/sites/jd-online-2026/versions [none]
[debug] [2026-06-04T09:03:37.807Z] >>> [apiv2][body] POST https://firebasehosting.googleapis.com/v1beta1/projects/-/sites/jd-online-2026/versions {"status":"CREATED","labels":{"deployment-tool":"cli-firebase"}}
